<!DOCTYPE html>
<html lang="en">
<head>
    <meta charset="UTF-8">
    <meta http-equiv="X-UA-Compatible" content="IE=edge">
    <meta name="viewport" content="width=device-width, initial-scale=1">
    <title>Golden Page</title>
    <link rel="stylesheet" href="css/bootstrap.min.css">
    <link rel="stylesheet" href="font-awesome-4.7.0/css/font-awesome.min.css">
    <link rel="stylesheet" href="css/style.css">
    <link rel="shortcoon icon" href="images/Logo-Treehouse1.png">
</head>
<body id="home">


<div class="page container-fluid">
    <div class="row">

        <header>

            <nav class=" navbar navbar-fixed-top navbar-light"   role="navigation" id="mainNav">
                <div class="container-fluid">
                    <div class="navbar-header">

                        <button type="button" class="navbar-toggle" data-toggle="collapse" data-target="#bs-example-navbar-collapse-1">
                            <span class="sr-only">Toggle navigation</span>
                            <span class="icon-bar"></span>
                            <span class="icon-bar"></span>
                            <span class="icon-bar"></span>
                        </button>
                        <a class="navbar-brand js-scroll-trigger" href="index.html"><img src="images/Logo-Treehouse1.png" alt="LOgo"></a>
                    </div>

                    <div class="navbar-collapse collapse" id="bs-example-navbar-collapse-1">
                        <ul class="nav navbar-nav navbar-right" id="menu" >
                            <li><a href="#home">HOME</a></li>
                            <li><a href="#services">SERVICES</a></li>
                            <li><a href="#portfolio">PORTFOLIO</a></li>
                            <li><a href="#about">ABOUT</a></li>
                            <li><a href="#staff">STAFF</a></li>
                            <li><a href="#contact">CONTACT</a></li>
                        </ul>
                    </div>
                </div>
            </nav>
            
            <div class="class=col-sm-5">
                <h2 class="text-center">Welcome To Our Studio</h2>
                <h1 class="text-center">IT`S NICE TO MEET YOU</h1>
                <p class="text-center"><a class="text-center tell" href="#">TELL ME MORE</a></p>
            </div>

        </header>

        <main>

            <section id="services" class="sect1">

                <div class="service text-center">
                    <h2>SERVICES</h2>
                    <p>Lorem ipsum dolor sit amet, consectetur adipisicing elit.</p>
                </div>


                <div class="icons row">

                    <div class="col-md-4 col-xs-12">
                        <p class="text-center"><img src="images/Icon-Basket.jpg" alt="Basket"></p>
                        <h4 class="text-center">E-Commerce</h4>
                        <p class="text-center">Lorem ipsum dolor sit amet, consectetur adipisicing elit. Accusantium cum deleniti eius error,
                            exercitationem expedita facilis laboriosam</p>
                    </div>

                    <div class="col-md-4 col-xs-12">
                        <p class="text-center"><img src="images/Icon-Laptop.jpg" alt="Laptop"></p>
                        <h4 class="text-center">Responcive Web</h4>
                        <p class="text-center">Lorem ipsum dolor sit amet, consectetur adipisicing elit. Accusantium cum deleniti eius error,
                            exercitationem expedita facilis laboriosam</p>
                    </div>

                    <div class="col-md-4 col-xs-12">
                        <p class="text-center"><img src="images/Icon-Locked.jpg" alt="Lock"></p>
                        <h4 class="text-center">Web Security</h4>
                        <p class="text-center">Lorem ipsum dolor sit amet, consectetur adipisicing elit. Accusantium cum deleniti eius error,
                            exercitationem expedita facilis laboriosam</p>
                    </div>

                </div>

            </section>

            <section id="portfolio" class="sect2">

                <div class="service text-center">
                    <h2>OUR PORTFOLIO</h2>
                    <p>Lorem ipsum dolor sit amet, consectetur adipisicing elit.</p>
                </div>

                <div class="block">

                    <div class="row text-center " >
                        <div class="button-group portfolio-btn">
                            <button data-filter="*">All</button>
                            <button data-filter=".part1">Design</button>
                            <button data-filter=".part2">Branding</button>
                            <button data-filter=".part3">Product</button>
                        </div>
                    </div>


                    <div class="grid">
                        <div class=" row">


                        <div class="col-md-4 col-sm-6 col-xs-12 grid-item part3">
                            <div class="img-block">
                                <img src="images/Image1.jpg" alt="image1">
                                <div class="black"></div>
                            </div>
                            <div class="back">
                                <h4 class="text-center">Ebony & Ivory</h4>
                                <p class="text-center">Product Mock-up</p>
                            </div>
                        </div>

                        <div class="col-md-4 col-sm-6 col-xs-12 grid-item part1">
                            <div class="img-block">
                                <img src="images/light-2565575_1280.jpg" alt="image2">
                                <div class="black"></div>
                            </div>
                            <div class="back">
                                <h4 class="text-center">Smart Stationary</h4>
                                <p class="text-center">Print Design</p>
                            </div>
                        </div>

                        <div class="col-md-4 col-sm-12 col-xs-12 grid-item part2">
                            <div class="img-block">
                                <img src="images/Image3.jpg" alt="image3">
                                <div class="black"></div>
                            </div>
                            <div class="back">
                                <h4 class="text-center">Clever Poster</h4>
                                <p class="text-center">Branding</p>
                            </div>
                        </div>
                    </div>
                    <div class="row">

                        <div class="col-md-4 col-sm-6 col-xs-12 grid-item part3">
                            <div class="img-block">
                                <img src="images/goal-3144351_1280.jpg" alt="image4">
                                <div class="black"></div>
                            </div>
                            <div class="back">
                                <h4 class="text-center">Vinyl Record</h4>
                                <p class="text-center">Product Mock-up</p>
                            </div>
                        </div>

                        <div class="col-md-4 col-sm-6 col-xs-12 grid-item part1">
                            <div class="img-block">
                                <img src="images/Image5.jpg" alt="image5">
                                <div class="black"></div>
                            </div>
                            <div class="back">
                                <h4 class="text-center">Treehouse Tamplate</h4>
                                <p class="text-center">Web Design</p>
                            </div>
                        </div>

                        <div class="col-md-4 col-sm-12 col-xs-12 grid-item part2">
                            <div class="img-block">
                                <img src="images/Image6.jpg" alt="image6">
                                <div class="black"></div>
                            </div>
                            <div class="back">
                                <h4 class="text-center">Burned Logo</h4>
                                <p class="text-center">Branding</p>
                            </div>
                        </div>
                    </div>
                    </div>


                </div>


            </section>

            <section id="about" class="sect3" >
                <div class="container">
                    <div class="row">
                        <div class="col-lg-12 text-center">
                            <h2 class="section-heading text-uppercase">About</h2>
                            <h3 class="section-subheading text-muted">Lorem ipsum dolor sit amet consectetur.</h3>
                        </div>
                    </div>

                    <div class="row">
                        <div class="col-lg-12">
                            <ul class="timeline">
                                <li>
                                    <div class="timeline-image nkar1"></div>
                                    <div class="timeline-panel">
                                        <div class="timeline-heading">
                                            <h4>June 2015</h4>
                                            <h4 class="subheading">Our Humble Beginnings</h4>
                                        </div>
                                        <div class="timeline-body">
                                            <p class="text-muted">Lorem ipsum dolor sit amet, consectetur adipisicing elit. Sunt ut voluptatum eius sapiente, totam reiciendis temporibus qui quibusdam, recusandae sit vero unde, sed, incidunt et ea quo dolore laudantium consectetur!</p>
                                        </div>
                                    </div>
                                </li>
                                <li class="timeline-inverted">
                                    <div class="timeline-image nkar2"></div>
                                    <div class="timeline-panel">
                                        <div class="timeline-heading">
                                            <h4>March 2016</h4>
                                            <h4 class="subheading">An Agency is Born</h4>
                                        </div>
                                        <div class="timeline-body">
                                            <p class="text-muted">Lorem ipsum dolor sit amet, consectetur adipisicing elit. Sunt ut voluptatum eius sapiente, totam reiciendis temporibus qui quibusdam, recusandae sit vero unde, sed, incidunt et ea quo dolore laudantium consectetur!</p>
                                        </div>
                                    </div>
                                </li>
                                <li>
                                    <div class="timeline-image nkar3"></div>
                                    <div class="timeline-panel">
                                        <div class="timeline-heading">
                                            <h4>December 2017</h4>
                                            <h4 class="subheading">Transition to Full Service</h4>
                                        </div>
                                        <div class="timeline-body">
                                            <p class="text-muted">Lorem ipsum dolor sit amet, consectetur adipisicing elit. Sunt ut voluptatum eius sapiente, totam reiciendis temporibus qui quibusdam, recusandae sit vero unde, sed, incidunt et ea quo dolore laudantium consectetur!</p>
                                        </div>
                                    </div>
                                </li>
                                <li class="timeline-inverted">
                                    <div class="timeline-image nkar4"></div>
                                    <div class="timeline-panel">
                                        <div class="timeline-heading">
                                            <h4>July 2018</h4>
                                            <h4 class="subheading">Phase Two Expansion</h4>
                                        </div>
                                        <div class="timeline-body">
                                            <p class="text-muted">Lorem ipsum dolor sit amet, consectetur adipisicing elit. Sunt ut voluptatum eius sapiente, totam reiciendis temporibus qui quibusdam, recusandae sit vero unde, sed, incidunt et ea quo dolore laudantium consectetur!</p>
                                        </div>
                                    </div>
                                </li>
                                <li class="timeline-inverted">
                                    <div class="timeline-image">
                                        <h4 class="text-center" style="line-height: 20px">Be Part
                                            Of Our
                                            Story!</h4>
                                    </div>
                                </li>
                            </ul>
                        </div>
                    </div>
                </div>
            </section>

            <section id="staff" class="sect4 ">

                <div class="service text-center">
                    <h2>OUR AMAZING TEAM</h2>
                    <p>Lorem ipsum dolor sit amet, consectetur adipisicing elit.</p>
                </div>

                <div class="row">

                    <div class="col-sm-4 col-xs-12">
                        <div class="text-center"><img src="images/team-1.jpg" alt="team1"></div>
                        <h4 class="text-center">Kimberly Tompson</h4>
                        <p class="text-center">Marketer</p>
                        <p class="fb text-center">
                            <a href="https://www.facebook.com/" target="_blank"><i class="fa fa-facebook-square"></i></a>
                            <a href="https://twitter.com" target="_blank"><i class="fa fa-twitter-square"></i></a>
                            <a href="https://www.instagram.com" target="_blank"><i class="fa fa-instagram"></i></a>
                        </p>
                    </div>

                    <div class="col-sm-4 col-xs-12">
                        <div class="text-center"><img src="images/team-2.jpg" alt="team2"></div>
                        <h4 class="text-center">Rico Massirno</h4>
                        <p class="text-center">Coder</p>
                        <p class="fb text-center">
                            <a href="https://www.facebook.com/" target="_blank"><i class="fa fa-facebook-square"></i></a>
                            <a href="https://twitter.com" target="_blank"><i class="fa fa-twitter-square"></i></a>
                            <a href="https://www.instagram.com" target="_blank"><i class="fa fa-instagram"></i></a>
                        </p>
                    </div>

                    <div class="col-sm-4 col-xs-12">
                        <div class="text-center"><img src="images/team-3.jpg" alt="team3"></div>
                        <h4 class="text-center">Uku Mason</h4>
                        <p class="text-center">Graphic Designer</p>
                        <p class="fb text-center">
                            <a href="https://www.facebook.com/" target="_blank"><i class="fa fa-facebook-square"></i></a>
                            <a href="https://twitter.com" target="_blank"><i class="fa fa-twitter-square"></i></a>
                            <a href="https://www.instagram.com" target="_blank"><i class="fa fa-instagram"></i></a>
                        </p>
                    </div>

                </div>

                <p class="text-center">Lorem ipsum dolor sit amet, consectetur adipisicing elit,Lorem ipsum dolor sit amet, consectetur adipisicing elit
                </p>

            </section>

            <section class="sect5">

                <div class="row">

                    <div class="col-md-3 col-sm-6 col-xs-12 text-center">
                        <img src="images/Envato.png" alt="Envanto">
                    </div>
                    
                    <div class="col-md-3 col-sm-6 col-xs-12 text-center">
                        <img src="images/WordPress.png" alt="WordPres">
                    </div>
                    
                    <div class="col-md-3 col-sm-6 col-xs-12 text-center">
                        <img src="images/Tuts.png" alt="Tuts">
                    </div>
                    
                    <div class="col-md-3 col-sm-6 col-xs-12 text-center">
                        <img src="images/Microlancer-copy.png" alt="Microlancer-copy">
                    </div>
                    
                </div>

            </section>

            <section id="contact" class="sect6 container-fluid">
                <div class="service text-center">
                    <h2 style="color: white">CONTACT US</h2>
                    <p style="color: #656565">Lorem ipsum dolor sit amet, consectetur adipisicing elit.</p>
                </div>

                <div class="row">

                    <form role="form" class="col-sm-8 col-sm-offset-2">
                        <div class="form-group col-sm-6 col-xs-12">
                            <div class="form-group text-center">
                                <input type="text" class="form-control"  placeholder="YOUR NAME*" required>
                            </div>

                            <div class="form-group">
                                <input type="email" class="form-control"  placeholder="YOUR E-MAIL*" required>
                            </div>

                            <div class="form-group">
                                <input type="password" class="form-control"  placeholder="SUBJECT   ">
                            </div>
                        </div>

                        <div class="form-group col-sm-6 col-xs-12">
                            <textarea class="form-control" rows="9" placeholder="MESSAGE*" required></textarea>
                        </div>

                        <button type="submit" class="btn btn-default col-sm-4 col-sm-offset-4 col-xs-6 col-xs-offset-3">SEND MESSAGE</button>
                    </form>

                </div>

            </section>

        </main>

        <footer class="container-fluid">

            <div class="row">

                <div class="col-sm-8 col-sm-offset-2">
                    <cite class="col-sm-6 col-xs-12 ">
                        <i class="fa fa-copyright"></i>
                        Copyright 2018 FreebiesXpress.com
                    </cite>

                    <div class="col-sm-6 col-xs-12 text-center">
                        <div class="img-block text-center col-xs-12">
                            <a href="https://twitter.com/"><img src="images/Twitter.png" alt="Twitter"></a>
                        </div>

                        <div class="img-block text-center col-xs-12">
                            <a href="https://www.facebook.com/"><img src="images/Facebook.png" alt="Facebook"></a>
                        </div>

                        <div class="img-block text-center col-xs-12">
                            <a href="https://www.pinterest.com/"><img src="images/Pinterest.png" alt="Pinterest"></a>
                        </div>

                        <div class="img-block text-center col-xs-12">
                            <a href="https://www.instagram.com/"><img src="images/Google.png" alt="Google"></a>
                        </div>
                    </div>
                </div>

            </div>

        </footer>

    </div>
</div>






<script src="js/JQ.js"></script>
<script src="js/bootstrap.min.js"></script>
<script src="js/isotope.js"></script>
<script src="js/image%20load.js"></script>
<script src="js/func.js"></script>
</body>
</html>